
> gurukool-homeschool@0.1.0 build
> next build

  ▲ Next.js 14.2.31
  - Environments: .env.production, .env

   Creating an optimized production build ...
Failed to compile.

./src/app/parent/dashboard/page.tsx
Error: 
  [31mx[0m Unexpected token `NetflixBackground`. Expected jsx identifier
     ,-[[36;1;4mc:\Users\abhis\Documents\Side-Hustle\gurukool-homeschool-src\src\app\parent\dashboard\page.tsx[0m:315:1]
 [2m315[0m |   }
 [2m316[0m | 
 [2m317[0m |   return (
 [2m318[0m |     <NetflixBackground variant="dashboard">
     : [31;1m     ^^^^^^^^^^^^^^^^^[0m
 [2m319[0m |       <div className="container mx-auto px-4 py-8">
 [2m320[0m |         <motion.div 
 [2m321[0m |           className="text-center mb-8"
     `----

Caused by:
    Syntax Error

Import trace for requested module:
./src/app/parent/dashboard/page.tsx

./src/app/teacher/dashboard/page.tsx
Error: 
  [31mx[0m Unexpected token `NetflixBackground`. Expected jsx identifier
    ,-[[36;1;4mc:\Users\abhis\Documents\Side-Hustle\gurukool-homeschool-src\src\app\teacher\dashboard\page.tsx[0m:58:1]
 [2m58[0m |   }
 [2m59[0m | 
 [2m60[0m |   return (
 [2m61[0m |     <NetflixBackground variant="dashboard">
    : [31;1m     ^^^^^^^^^^^^^^^^^[0m
 [2m62[0m |       <div className="container mx-auto px-4 py-8">
 [2m63[0m |         <motion.div 
 [2m64[0m |           className="text-center mb-8"
    `----

Caused by:
    Syntax Error

Import trace for requested module:
./src/app/teacher/dashboard/page.tsx


> Build failed because of webpack errors
